  Determining projects to restore...
  All projects are up-to-date for restore.
/app/Gemma3.Sharp/Safetensors.cs(77,57): error CS1503: Argument 1: cannot convert from 'System.ReadOnlySpan<byte>' to 'System.Buffers.ReadOnlySequence<byte>' [/app/Gemma3.Sharp/Gemma3.Sharp.csproj]

Build FAILED.

/app/Gemma3.Sharp/Safetensors.cs(77,57): error CS1503: Argument 1: cannot convert from 'System.ReadOnlySpan<byte>' to 'System.Buffers.ReadOnlySequence<byte>' [/app/Gemma3.Sharp/Gemma3.Sharp.csproj]
    0 Warning(s)
    1 Error(s)

Time Elapsed 00:00:02.41
