  Determining projects to restore...
  All projects are up-to-date for restore.
  Gemma3.Sharp -> /app/Gemma3.Sharp/bin/Debug/net10.0/Gemma3.Sharp.dll
  Gemma3.Sharp.Tests -> /app/Gemma3.Sharp.Tests/bin/Debug/net10.0/Gemma3.Sharp.Tests.dll
Test run for /app/Gemma3.Sharp.Tests/bin/Debug/net10.0/Gemma3.Sharp.Tests.dll (.NETCoreApp,Version=v10.0)
VSTest version 18.0.1 (x64)

Starting test execution, please wait...
A total of 1 test files matched the specified pattern.

Passed!  - Failed:     0, Passed:     1, Skipped:     0, Total:     1, Duration: 56 ms - Gemma3.Sharp.Tests.dll (net10.0)
